// Jest Snapshot v1, https://goo.gl/fbAQLP

exports[`Card should match the snapshot 1`] = `
.c0 {
  box-shadow: 0px 16px 32px rgba(30,42,50,0.08);
  border-radius: 8px;
  width: 100%;
}

.c1 {
  padding: 40px 24px;
}

.c1:last-child {
  padding-bottom: 40px;
}

@media (min-width:768px) {
  .c0 {
    width: 560px;
  }
}

@media (min-width:768px) {
  .c1 {
    padding: 40px;
  }
}

<div
  class="MuiPaper-root MuiPaper-elevation MuiPaper-rounded MuiPaper-elevation1 MuiCard-root c0 css-bhp9pd-MuiPaper-root-MuiCard-root"
>
  <div
    class="MuiCardContent-root c1 css-46bh2p-MuiCardContent-root"
  />
</div>
`;
