// Jest Snapshot v1, https://goo.gl/fbAQLP

exports[`Header should match the snapshot 1`] = `
.c0 {
  background-color: #FFF;
  height: 56px;
  left: 0;
  position: relative;
  top: 0;
  width: 100%;
}

@media (min-width:768px) {

}

@media (min-width:768px) {
  .c0 {
    height: 80px;
  }
}

<div>
  <header
    class="c0"
  >
    <logo-origin.svg
      classname="styled__LogoOrigin-sc-y50cdy-0 kbYqGp"
    />
  </header>
</div>
`;
