// Jest Snapshot v1, https://goo.gl/fbAQLP

exports[`MonthPicker should match the snapshot 1`] = `
<div
  class="styled__MonthContent-sc-1xp9wza-2 kVjvBq"
  role="monthContent"
  tabindex="0"
>
  <button
    role="buttonDecrement"
  >
    <arrow-left.svg />
  </button>
  <div
    class="MuiBox-root css-0"
  >
    <p
      class="styled__MonthParagraph-sc-1xp9wza-0 ioNyLa"
      role="paragraphMonth"
    >
      December
    </p>
    <p
      class="styled__YearParagraph-sc-1xp9wza-1 grvUoa"
      role="paragraphYear"
    >
      2021
    </p>
  </div>
  <button
    role="buttonIncrement"
  >
    <arrow-right.svg />
  </button>
</div>
`;
